// Vitest Snapshot v1

exports[`withValidatedApiRoute > returns 200 OK if query/body matches validation schema 1`] = `
{
  "ok": true,
}
`;

exports[`withValidatedApiRoute > throws 400 Bad Request if querybody does not match validation schema 1`] = `
{
  "stack": [],
  "statusCode": 400,
  "statusMessage": "{\\"errors\\":{\\"body\\":[{\\"code\\":\\"invalid_type\\",\\"expected\\":\\"object\\",\\"received\\":\\"undefined\\",\\"path\\":[],\\"message\\":\\"Required\\"}],\\"query\\":null}}",
}
`;
