// Vitest Snapshot v1

exports[`useValidatedQuery > throws 400 Bad Request if query does not match validation schema 1`] = `
{
  "stack": [],
  "statusCode": 400,
  "statusMessage": "[{\\"code\\":\\"invalid_type\\",\\"expected\\":\\"string\\",\\"received\\":\\"undefined\\",\\"path\\":[\\"required\\"],\\"message\\":\\"Required\\"}]",
}
`;
